2026-08-26 23:25:51.138327 +0530 +0530 Loading environment variables
2026-08-26 23:25:51.138393 +0530 +0530 [WARN] ⚠️ No .env file found — loading system environment variables
2026-08-26 23:25:51.138436 +0530 +0530 ✅ Loaded 55 environment variables from system
2026-08-26 23:25:51.138454 +0530 +0530 [WARN] ⚠️ Missing environment variable:NODE_ENV
2026-08-26 23:25:51.138502 +0530 +0530 [WARN] ⚠️ Missing environment variable:DB_HOST
2026-08-26 23:25:51.138531 +0530 +0530 [WARN] ⚠️ Missing environment variable:DB_PORT
2026-08-26 23:25:51.138554 +0530 +0530 [WARN] ⚠️ Missing environment variable:DB_USER
2026-08-26 23:25:51.138577 +0530 +0530 [WARN] ⚠️ Missing environment variable:DB_PASS
2026-08-26 23:25:51.138627 +0530 +0530 [WARN] ⚠️ Missing environment variable:DB_NAME
2026-08-26 23:25:51.138657 +0530 +0530 [WARN] ⚠️ Missing environment variable:REDIS_HOST
2026-08-26 23:25:51.138684 +0530 +0530 [WARN] ⚠️ Missing environment variable:REDIS_PORT
2026-08-26 23:25:51.138706 +0530 +0530 [WARN] ⚠️ Missing environment variable:JWT_SECRET
2026-08-26 23:25:51.138726 +0530 +0530 [WARN] ⚠️ Missing environment variable:JWT_EXPIRATION
2026-08-26 23:25:51.138742 +0530 +0530 [WARN] ⚠️ Missing environment variable:AES_SECRET_KEY
2026-08-26 23:25:51.138764 +0530 +0530 [WARN] ⚠️ Missing environment variable:AES_IV
2026-08-26 23:25:51.140953 +0530 +0530 starting production-tracer api [env=]
2026-08-26 23:25:51.142042 +0530 +0530 database connection failed: failed to connect database: dial tcp :0: connect: can't assign requested address
2026-08-26 23:26:19.418207 +0530 +0530 Loading environment variables
2026-08-26 23:26:19.418525 +0530 +0530 ✅ Loaded 30 environment variables
2026-08-26 23:26:19.419799 +0530 +0530 starting production-tracer api [env=production]
2026-08-26 23:26:19.720095 +0530 +0530 database connected: factory_os_dev@159.138.98.55:33067
2026-08-26 23:26:19.721016 +0530 +0530 http server listening on :3002
2026-08-26 23:29:44.682271 +0530 +0530 [WARN] shutdown signal received, draining connections...
2026-08-26 23:29:44.682748 +0530 +0530 [WARN] http server stopped cleanly
2026-08-26 23:29:44.682936 +0530 +0530 [WARN] database connection closed
2026-08-26 23:29:44.734121 +0530 +0530 shutdown complete
2026-08-26 23:29:48.534892 +0530 +0530 Loading environment variables
2026-08-26 23:29:48.535098 +0530 +0530 ✅ Loaded 30 environment variables
2026-08-26 23:29:48.537029 +0530 +0530 starting production-tracer api [env=production]
2026-08-26 23:29:48.936063 +0530 +0530 database connected: factory_os_dev@159.138.98.55:33067
2026-08-26 23:29:48.937423 +0530 +0530 http server listening on :3002
2026-08-26 23:31:07.384979 +0530 +0530 [WARN] shutdown signal received, draining connections...
2026-08-26 23:31:07.385787 +0530 +0530 [WARN] http server stopped cleanly
2026-08-26 23:31:07.386251 +0530 +0530 [WARN] database connection closed
2026-08-26 23:31:07.436648 +0530 +0530 shutdown complete
2026-08-26 23:31:09.78917 +0530 +0530 Loading environment variables
2026-08-26 23:31:09.789393 +0530 +0530 ✅ Loaded 30 environment variables
2026-08-26 23:31:09.790503 +0530 +0530 starting production-tracer api [env=production]
2026-08-26 23:31:34.859429 +0530 +0530 Loading environment variables
2026-08-26 23:31:34.859999 +0530 +0530 ✅ Loaded 30 environment variables
2026-08-26 23:31:34.860928 +0530 +0530 starting production-tracer api [env=production]
2026-08-26 23:31:35.261619 +0530 +0530 database connected: factory_os_dev@159.138.98.55:33067
2026-08-26 23:31:35.265745 +0530 +0530 http server listening on :3002
2026-08-26 23:34:23.250772 +0530 +0530 [WARN] shutdown signal received, draining connections...
2026-08-26 23:34:23.251789 +0530 +0530 [WARN] http server stopped cleanly
2026-08-26 23:34:23.251992 +0530 +0530 [WARN] database connection closed
2026-08-26 23:34:23.302621 +0530 +0530 shutdown complete
2026-08-26 23:36:43.423037 +0530 +0530 Loading environment variables
2026-08-26 23:36:43.423366 +0530 +0530 ✅ Loaded 30 environment variables
2026-08-26 23:36:43.435298 +0530 +0530 starting production-tracer api [env=production]
2026-08-26 23:36:43.803655 +0530 +0530 database connected: factory_os_dev@159.138.98.55:33067
2026-08-26 23:36:43.80536 +0530 +0530 http server listening on :3002
2026-08-26 23:37:57.485686 +0530 +0530 [WARN] shutdown signal received, draining connections...
2026-08-26 23:37:57.487056 +0530 +0530 [WARN] http server stopped cleanly
2026-08-26 23:37:57.487355 +0530 +0530 [WARN] database connection closed
2026-08-26 23:37:57.538485 +0530 +0530 shutdown complete
2026-08-26 23:38:00.768851 +0530 +0530 Loading environment variables
2026-08-26 23:38:00.769057 +0530 +0530 ✅ Loaded 30 environment variables
2026-08-26 23:38:00.781218 +0530 +0530 starting production-tracer api [env=production]
2026-08-26 23:38:01.10331 +0530 +0530 database connected: factory_os_dev@159.138.98.55:33067
2026-08-26 23:38:01.104677 +0530 +0530 http server listening on :3002
2026-08-26 23:39:50.050738 +0530 +0530 [WARN] shutdown signal received, draining connections...
2026-08-26 23:39:50.052241 +0530 +0530 [WARN] http server stopped cleanly
2026-08-26 23:39:50.05269 +0530 +0530 [WARN] database connection closed
2026-08-26 23:39:50.103963 +0530 +0530 shutdown complete
2026-08-26 23:41:09.33288 +0530 +0530 Loading environment variables
2026-08-26 23:41:09.333233 +0530 +0530 ✅ Loaded 30 environment variables
2026-08-26 23:41:09.361179 +0530 +0530 starting production-tracer api [env=production]
2026-08-26 23:41:09.718834 +0530 +0530 database connected: factory_os_dev@159.138.98.55:33067
2026-08-26 23:41:09.723336 +0530 +0530 http server listening on :3002
2026-08-26 23:41:49.634388 +0530 +0530 [WARN] shutdown signal received, draining connections...
2026-08-26 23:41:49.635428 +0530 +0530 [WARN] http server stopped cleanly
2026-08-26 23:41:49.635848 +0530 +0530 [WARN] database connection closed
2026-08-26 23:41:49.68654 +0530 +0530 shutdown complete
2026-08-26 23:41:50.777469 +0530 +0530 Loading environment variables
2026-08-26 23:41:50.777549 +0530 +0530 ✅ Loaded 30 environment variables
2026-08-26 23:41:50.780337 +0530 +0530 starting production-tracer api [env=production]
2026-08-26 23:41:51.141558 +0530 +0530 database connected: factory_os_dev@159.138.98.55:33067
2026-08-26 23:41:51.142167 +0530 +0530 http server listening on :3000
2026-08-26 23:45:41.663102 +0530 +0530 [WARN] shutdown signal received, draining connections...
2026-08-26 23:45:41.664868 +0530 +0530 [WARN] http server stopped cleanly
2026-08-26 23:45:41.665484 +0530 +0530 [WARN] database connection closed
2026-08-26 23:45:41.715989 +0530 +0530 shutdown complete
2026-08-26 23:45:45.103032 +0530 +0530 Loading environment variables
2026-08-26 23:45:45.103315 +0530 +0530 ✅ Loaded 30 environment variables
2026-08-26 23:45:45.115996 +0530 +0530 🕒 Global timezone set to Asia/Colombo
2026-08-26 23:45:45.116037 +0530 +0530 🔌 Connecting to database factory_os_dev@159.138.98.55:33067 ...
2026-08-26 23:45:45.537139 +0530 +0530 ✅ Database connected
2026-08-26 23:45:45.538254 +0530 +0530 🚀 Starting production-tracer API on 0.0.0.0:3000
2026-08-26 23:46:12.428293 +0530 +0530 🧹 Caught signal: interrupt — shutting down gracefully...
2026-08-26 23:46:12.429406 +0530 +0530 🔒 Database connections closed cleanly
2026-08-26 23:46:12.429598 +0530 +0530 👋 Server stopped gracefully.
2026-08-26 23:46:15.098135 +0530 +0530 Loading environment variables
2026-08-26 23:46:15.098404 +0530 +0530 ✅ Loaded 30 environment variables
2026-08-26 23:46:15.110384 +0530 +0530 🕒 Global timezone set to Asia/Colombo
2026-08-26 23:46:15.110455 +0530 +0530 🔌 Connecting to database factory_os_dev@159.138.98.55:33067 ...
2026-08-26 23:46:15.469984 +0530 +0530 ✅ Database connected
2026-08-26 23:46:15.471649 +0530 +0530 🚀 Starting production-tracer API on 0.0.0.0:3000
2026-08-26 23:48:03.96549 +0530 +0530 🧹 Caught signal: interrupt — shutting down gracefully...
2026-08-26 23:48:03.966638 +0530 +0530 🔒 Database connections closed cleanly
2026-08-26 23:48:03.966846 +0530 +0530 👋 Server stopped gracefully.
2026-08-26 23:48:16.946787 +0530 +0530 Loading environment variables
2026-08-26 23:48:16.947725 +0530 +0530 ✅ Loaded 30 environment variables
2026-08-26 23:48:16.958086 +0530 +0530 🕒 Global timezone set to Asia/Colombo
2026-08-26 23:48:16.958161 +0530 +0530 🔌 Connecting to database factory_os_dev@159.138.98.55:33067 ...
2026-08-26 23:48:17.317534 +0530 +0530 ✅ Database connected: factory_os_dev@159.138.98.55:33067
2026-08-26 23:48:17.318464 +0530 +0530 🚀 Starting production-tracer API on 0.0.0.0:3000
2026-08-26 23:48:46.295278 +0530 +0530 🧹 Caught signal: interrupt — shutting down gracefully...
2026-08-26 23:48:46.29599 +0530 +0530 🔒 Database connections closed cleanly
2026-08-26 23:48:46.296041 +0530 +0530 👋 Server stopped gracefully.
2026-08-26 23:48:50.61905 +0530 +0530 Loading environment variables
2026-08-26 23:48:50.619312 +0530 +0530 ✅ Loaded 30 environment variables
2026-08-26 23:48:50.631334 +0530 +0530 🕒 Global timezone set to Asia/Colombo
2026-08-26 23:48:50.631413 +0530 +0530 🔌 Connecting to database factory_os_dev ...
2026-08-26 23:48:50.946298 +0530 +0530 ✅ Database connected: factory_os_dev@159.138.98.55:33067
2026-08-26 23:48:50.947204 +0530 +0530 🚀 Starting production-tracer API on 0.0.0.0:3000
2026-08-26 23:48:56.687387 +0530 +0530 🧹 Caught signal: interrupt — shutting down gracefully...
2026-08-26 23:48:56.688311 +0530 +0530 🔒 Database connections closed cleanly
2026-08-26 23:48:56.688404 +0530 +0530 👋 Server stopped gracefully.
2026-08-26 23:49:04.77801 +0530 +0530 Loading environment variables
2026-08-26 23:49:04.778194 +0530 +0530 ✅ Loaded 30 environment variables
2026-08-26 23:49:04.791139 +0530 +0530 🕒 Global timezone set to Asia/Colombo
2026-08-26 23:49:04.791238 +0530 +0530 🔌 Connecting to database factory_os_dev 
2026-08-26 23:49:05.149818 +0530 +0530 ✅ Database connected: factory_os_dev@159.138.98.55:33067
2026-08-26 23:49:05.150705 +0530 +0530 🚀 Starting production-tracer API on 0.0.0.0:3000
2026-08-26 23:49:52.43645 +0530 +0530 ip: ::1 - time: Wed, 26 Aug 2026 23:49:52 +0530 | method: GET | path: /health | proto: HTTP/1.1 | status: 200 | latency: 405.292µs | userAgent: PostmanRuntime/2.2.2 | error: 
2026-08-26 23:54:27.74501 +0530 +0530 🧹 Caught signal: interrupt — shutting down gracefully...
2026-08-26 23:54:27.747243 +0530 +0530 🔒 Database connections closed cleanly
2026-08-26 23:54:27.74744 +0530 +0530 👋 Server stopped gracefully.
2026-08-26 23:54:31.679539 +0530 +0530 Loading environment variables
2026-08-26 23:54:31.679836 +0530 +0530 ✅ Loaded 30 environment variables
2026-08-26 23:54:31.692867 +0530 +0530 🕒 Global timezone set to Asia/Colombo
2026-08-26 23:54:31.692936 +0530 +0530 🔌 Connecting to database factory_os_dev 
2026-08-26 23:54:31.993773 +0530 +0530 ✅ Database connected: factory_os_dev@159.138.98.55:33067
2026-08-26 23:54:31.994486 +0530 +0530 🚀 Starting production-tracer API on 0.0.0.0:3000
2026-08-26 23:54:38.541351 +0530 +0530 ip: ::1 - time: Wed, 26 Aug 2026 23:54:38 +0530 | method: GET | path: /health | proto: HTTP/1.1 | status: 200 | latency: 42.40275ms | userAgent: PostmanRuntime/2.2.2 | error: 
2026-08-26 23:56:12.788515 +0530 +0530 🧹 Caught signal: interrupt — shutting down gracefully...
2026-08-26 23:56:12.790627 +0530 +0530 🔒 Database connections closed cleanly
2026-08-26 23:56:12.790852 +0530 +0530 👋 Server stopped gracefully.
2026-08-26 23:56:16.447722 +0530 +0530 Loading environment variables
2026-08-26 23:56:16.44804 +0530 +0530 ✅ Loaded 30 environment variables
2026-08-26 23:56:16.462586 +0530 +0530 🕒 Global timezone set to Asia/Colombo
2026-08-26 23:56:16.462685 +0530 +0530 🔌 Connecting to database factory_os_dev 
2026-08-26 23:56:16.808206 +0530 +0530 ✅ Database connected: factory_os_dev@159.138.98.55:33067
2026-08-26 23:56:16.809101 +0530 +0530 🚀 Starting production-tracer API on 0.0.0.0:3000
2026-08-26 23:58:27.497511 +0530 +0530 🧹 Caught signal: interrupt — shutting down gracefully...
2026-08-26 23:58:27.498159 +0530 +0530 🔒 Database connections closed cleanly
2026-08-26 23:58:27.498205 +0530 +0530 👋 Server stopped gracefully.
2026-08-26 23:58:30.51828 +0530 +0530 Loading environment variables
2026-08-26 23:58:30.518537 +0530 +0530 ✅ Loaded 30 environment variables
2026-08-26 23:58:30.532008 +0530 +0530 🕒 Global timezone set to Asia/Colombo
2026-08-26 23:58:30.532116 +0530 +0530 🔌 Connecting to database factory_os_dev 
2026-08-26 23:58:30.83353 +0530 +0530 ✅ Database connected: factory_os_dev@159.138.98.55:33067
2026-08-26 23:58:30.834455 +0530 +0530 🚀 Starting production-tracer API on 0.0.0.0:3000
2026-08-26 23:58:35.948692 +0530 +0530 ip: ::1 - time: Wed, 26 Aug 2026 23:58:35 +0530 | method: GET | path: /health | proto: HTTP/1.1 | status: 200 | latency: 42.495666ms | userAgent: PostmanRuntime/2.2.2 | error: 
2026-08-26 23:59:15.53252 +0530 +0530 🧹 Caught signal: interrupt — shutting down gracefully...
2026-08-26 23:59:15.534462 +0530 +0530 🔒 Database connections closed cleanly
2026-08-26 23:59:15.534661 +0530 +0530 👋 Server stopped gracefully.
2026-08-27 09:37:55.651699 +0530 +0530 Loading environment variables
2026-08-27 09:37:55.65227 +0530 +0530 ✅ Loaded 30 environment variables
2026-08-27 09:37:55.666789 +0530 +0530 🕒 Global timezone set to Asia/Colombo
2026-08-27 09:37:55.666878 +0530 +0530 🔌 Connecting to database production_tracer_dev 
2026-08-27 09:37:55.984454 +0530 +0530 ✅ Database connected: production_tracer_dev@159.138.98.55:33067
2026-08-27 09:37:55.985294 +0530 +0530 🚀 Starting production-tracer API on 0.0.0.0:3000
2026-08-27 09:40:32.131675 +0530 +0530 🧹 Caught signal: interrupt — shutting down gracefully...
2026-08-27 09:40:32.133496 +0530 +0530 🔒 Database connections closed cleanly
2026-08-27 09:40:32.133687 +0530 +0530 👋 Server stopped gracefully.
2026-08-27 09:40:33.94028 +0530 +0530 Loading environment variables
2026-08-27 09:40:33.940543 +0530 +0530 ✅ Loaded 30 environment variables
2026-08-27 09:40:33.955057 +0530 +0530 🕒 Global timezone set to Asia/Colombo
2026-08-27 09:40:33.955147 +0530 +0530 🔌 Connecting to database production_tracer_dev 
2026-08-27 09:40:34.239776 +0530 +0530 ✅ Database connected: production_tracer_dev@159.138.98.55:33067
2026-08-27 09:40:34.240945 +0530 +0530 🚀 Starting production-tracer API on 0.0.0.0:3000
2026-08-27 09:40:36.871667 +0530 +0530 🧹 Caught signal: interrupt — shutting down gracefully...
2026-08-27 09:40:36.872177 +0530 +0530 🔒 Database connections closed cleanly
2026-08-27 09:40:36.87225 +0530 +0530 👋 Server stopped gracefully.
2026-08-27 09:41:34.371712 +0530 +0530 Loading environment variables
2026-08-27 09:41:34.372112 +0530 +0530 ✅ Loaded 30 environment variables
2026-08-27 09:41:34.663357 +0530 +0530 running AutoMigrate for 9 model(s)...
2026-08-27 09:41:35.242709 +0530 +0530 auto-migrate failed: failed to parse field: Operator, error: failed to parse field: Department, error: invalid field found for struct github.com/thimira/production-tracer/app/database/schema.Department's field WorkOrders: define a valid foreign key for relations or implement the Valuer/Scanner interface
2026-08-27 09:45:03.584959 +0530 +0530 Loading environment variables
2026-08-27 09:45:03.585427 +0530 +0530 ✅ Loaded 30 environment variables
2026-08-27 09:45:03.923821 +0530 +0530 running AutoMigrate for 9 model(s)...
2026-08-27 09:45:11.38084 +0530 +0530 ✅ migration complete — schema is up to date
2026-08-27 09:48:11.930859 +0530 +0530 Loading environment variables
2026-08-27 09:48:11.931215 +0530 +0530 ✅ Loaded 30 environment variables
2026-08-27 09:48:12.218989 +0530 +0530 running AutoMigrate for 9 model(s)...
2026-08-27 09:48:15.289743 +0530 +0530 auto-migrate failed: failed to parse field: Operator, error: failed to parse field: Department, error: invalid field found for struct github.com/thimira/production-tracer/app/database/schema.Department's field WorkOrders: define a valid foreign key for relations or implement the Valuer/Scanner interface
2026-08-27 09:48:24.64928 +0530 +0530 Loading environment variables
2026-08-27 09:48:24.649547 +0530 +0530 ✅ Loaded 30 environment variables
2026-08-27 09:48:24.650406 +0530 +0530 9 model(s) registered for migration:
2026-08-27 09:48:24.650459 +0530 +0530   - *schema.WorkOrder
2026-08-27 09:48:24.650496 +0530 +0530   - *schema.WorkOrderItem
2026-08-27 09:48:24.650516 +0530 +0530   - *schema.ShiftRoster
2026-08-27 09:48:24.650534 +0530 +0530   - *schema.Operator
2026-08-27 09:48:24.650551 +0530 +0530   - *schema.Shift
2026-08-27 09:48:24.650568 +0530 +0530   - *schema.Machine
2026-08-27 09:48:24.650584 +0530 +0530   - *schema.Process
2026-08-27 09:48:24.650607 +0530 +0530   - *schema.ProcessAttribute
2026-08-27 09:48:24.650623 +0530 +0530   - *schema.Unit
2026-08-27 09:48:42.138829 +0530 +0530 Loading environment variables
2026-08-27 09:48:42.138968 +0530 +0530 ✅ Loaded 30 environment variables
2026-08-27 09:48:42.429566 +0530 +0530 running AutoMigrate for 9 model(s)...
2026-08-27 09:48:45.402808 +0530 +0530 auto-migrate failed: failed to parse field: Operator, error: failed to parse field: Department, error: invalid field found for struct github.com/thimira/production-tracer/app/database/schema.Department's field WorkOrders: define a valid foreign key for relations or implement the Valuer/Scanner interface
2026-08-27 09:53:14.510679 +0530 +0530 Loading environment variables
2026-08-27 09:53:14.510957 +0530 +0530 ✅ Loaded 30 environment variables
2026-08-27 09:53:14.84652 +0530 +0530 running AutoMigrate for 9 model(s)...
2026-08-27 09:53:29.318988 +0530 +0530 ✅ migration complete — schema is up to date
2026-08-27 10:00:31.747464 +0530 +0530 Loading environment variables
2026-08-27 10:00:31.74789 +0530 +0530 ✅ Loaded 30 environment variables
2026-08-27 10:00:32.138424 +0530 +0530 running AutoMigrate for 9 model(s)...
2026-08-27 10:00:36.858374 +0530 +0530 ✅ AutoMigrate complete
2026-08-27 10:00:43.256676 +0530 +0530 ✅ migration complete — schema is up to date
2026-08-27 10:02:50.171349 +0530 +0530 Loading environment variables
2026-08-27 10:02:50.171663 +0530 +0530 ✅ Loaded 30 environment variables
2026-08-27 10:02:50.470555 +0530 +0530 running AutoMigrate for 9 model(s)...
2026-08-27 10:03:02.987873 +0530 +0530 ✅ AutoMigrate complete
2026-08-27 10:03:07.499217 +0530 +0530 ✅ migration complete — schema is up to date
2026-08-27 10:20:08.51776 +0530 +0530 Loading environment variables
2026-08-27 10:20:08.518089 +0530 +0530 ✅ Loaded 30 environment variables
2026-08-27 10:20:08.519034 +0530 +0530 21 model(s) registered for migration:
2026-08-27 10:20:08.51908 +0530 +0530   - *schema.Department
2026-08-27 10:20:08.51912 +0530 +0530   - *schema.Unit
2026-08-27 10:20:08.519139 +0530 +0530   - *schema.HoldReason
2026-08-27 10:20:08.519157 +0530 +0530   - *schema.Device
2026-08-27 10:20:08.519173 +0530 +0530   - *schema.Operator
2026-08-27 10:20:08.51919 +0530 +0530   - *schema.Process
2026-08-27 10:20:08.519205 +0530 +0530   - *schema.ProcessAttribute
2026-08-27 10:20:08.519222 +0530 +0530   - *schema.MachineType
2026-08-27 10:20:08.519237 +0530 +0530   - *schema.Machine
2026-08-27 10:20:08.519253 +0530 +0530   - *schema.MachineHoldReason
2026-08-27 10:20:08.519269 +0530 +0530   - *schema.Shift
2026-08-27 10:20:08.519284 +0530 +0530   - *schema.ShiftRoster
2026-08-27 10:20:08.5193 +0530 +0530   - *schema.WorkOrder
2026-08-27 10:20:08.519315 +0530 +0530   - *schema.WorkOrderItem
2026-08-27 10:20:08.51933 +0530 +0530   - *schema.OperationProcess
2026-08-27 10:20:08.519346 +0530 +0530   - *schema.OperationLog
2026-08-27 10:20:08.519361 +0530 +0530   - *schema.OperationProcessAttribute
2026-08-27 10:20:08.519376 +0530 +0530   - *schema.MachineLog
2026-08-27 10:20:08.519391 +0530 +0530   - *schema.MakeReady
2026-08-27 10:20:08.519406 +0530 +0530   - *schema.MakeReadyAttributes
2026-08-27 10:20:08.519421 +0530 +0530   - *schema.MakeReadyLog
2026-08-27 10:20:42.024863 +0530 +0530 Loading environment variables
2026-08-27 10:20:42.025365 +0530 +0530 ✅ Loaded 30 environment variables
2026-08-27 10:20:42.37504 +0530 +0530 running AutoMigrate for 21 model(s)...
2026-08-27 10:21:00.289477 +0530 +0530 ✅ AutoMigrate complete
2026-08-27 10:21:12.82283 +0530 +0530 ✅ migration complete — schema is up to date
2026-08-27 10:23:19.686618 +0530 +0530 Loading environment variables
2026-08-27 10:23:19.68687 +0530 +0530 ✅ Loaded 30 environment variables
2026-08-27 10:23:19.712744 +0530 +0530 🕒 Global timezone set to Asia/Colombo
2026-08-27 10:23:19.712795 +0530 +0530 🔌 Connecting to database production_tracer_dev 
2026-08-27 10:23:20.000396 +0530 +0530 ✅ Database connected: production_tracer_dev@159.138.98.55:33067
2026-08-27 10:23:20.002609 +0530 +0530 🚀 Starting production-tracer API on 0.0.0.0:3000
2026-08-27 10:25:18.514006 +0530 +0530 🧹 Caught signal: interrupt — shutting down gracefully...
2026-08-27 10:25:18.517438 +0530 +0530 🔒 Database connections closed cleanly
2026-08-27 10:25:18.517597 +0530 +0530 👋 Server stopped gracefully.
2026-08-27 10:25:19.639044 +0530 +0530 Loading environment variables
2026-08-27 10:25:19.639125 +0530 +0530 ✅ Loaded 16 environment variables
2026-08-27 10:25:19.639152 +0530 +0530 [WARN] ⚠️ Missing environment variable:REDIS_HOST
2026-08-27 10:25:19.639173 +0530 +0530 [WARN] ⚠️ Missing environment variable:REDIS_PORT
2026-08-27 10:25:19.655566 +0530 +0530 🕒 Global timezone set to Asia/Colombo
2026-08-27 10:25:19.655614 +0530 +0530 🔌 Connecting to database production_tracer_dev 
2026-08-27 10:25:19.978183 +0530 +0530 ✅ Database connected: production_tracer_dev@159.138.98.55:33067
2026-08-27 10:25:19.978821 +0530 +0530 🚀 Starting production-tracer API on 0.0.0.0:3000
2026-08-27 10:25:39.342492 +0530 +0530 🧹 Caught signal: interrupt — shutting down gracefully...
2026-08-27 10:25:39.343603 +0530 +0530 🔒 Database connections closed cleanly
2026-08-27 10:25:39.343782 +0530 +0530 👋 Server stopped gracefully.
2026-08-27 10:25:43.771297 +0530 +0530 Loading environment variables
2026-08-27 10:25:43.77157 +0530 +0530 ✅ Loaded 16 environment variables
2026-08-27 10:25:43.785503 +0530 +0530 🕒 Global timezone set to Asia/Colombo
2026-08-27 10:25:43.785606 +0530 +0530 🔌 Connecting to database production_tracer_dev 
2026-08-27 10:25:44.069797 +0530 +0530 ✅ Database connected: production_tracer_dev@159.138.98.55:33067
2026-08-27 10:25:44.070415 +0530 +0530 🚀 Starting production-tracer API on 0.0.0.0:3000
2026-08-27 10:25:49.845524 +0530 +0530 🧹 Caught signal: interrupt — shutting down gracefully...
2026-08-27 10:25:49.846836 +0530 +0530 🔒 Database connections closed cleanly
2026-08-27 10:25:49.847025 +0530 +0530 👋 Server stopped gracefully.
2026-08-27 10:25:53.238277 +0530 +0530 Loading environment variables
2026-08-27 10:25:53.238496 +0530 +0530 ✅ Loaded 16 environment variables
2026-08-27 10:25:53.252916 +0530 +0530 🕒 Global timezone set to Asia/Colombo
2026-08-27 10:25:53.253016 +0530 +0530 🔌 Connecting to database production_tracer_dev 
2026-08-27 10:25:53.588138 +0530 +0530 ✅ Database connected: production_tracer_dev@159.138.98.55:33067
2026-08-27 10:25:53.589143 +0530 +0530 🚀 Starting production-tracer API on 0.0.0.0:3000
2026-08-27 10:27:31.842201 +0530 +0530 🧹 Caught signal: interrupt — shutting down gracefully...
2026-08-27 10:27:31.842978 +0530 +0530 🔒 Database connections closed cleanly
2026-08-27 10:27:31.843045 +0530 +0530 👋 Server stopped gracefully.
2026-08-27 10:27:34.976389 +0530 +0530 Loading environment variables
2026-08-27 10:27:34.976822 +0530 +0530 ✅ Loaded 16 environment variables
2026-08-27 10:27:34.990109 +0530 +0530 🕒 Global timezone set to Asia/Colombo
2026-08-27 10:27:34.990152 +0530 +0530 🔌 Connecting to database production_tracer_dev 
2026-08-27 10:27:35.287232 +0530 +0530 ✅ Database connected: production_tracer_dev@159.138.98.55:33067
2026-08-27 10:27:35.28782 +0530 +0530 🚀 Starting production-tracer API on 0.0.0.0:3000
2026-08-27 10:27:42.503352 +0530 +0530 🧹 Caught signal: interrupt — shutting down gracefully...
2026-08-27 10:27:42.504627 +0530 +0530 🔒 Database connections closed cleanly
2026-08-27 10:27:42.504801 +0530 +0530 👋 Server stopped gracefully.
2026-08-27 10:27:52.041908 +0530 +0530 Loading environment variables
2026-08-27 10:27:52.042379 +0530 +0530 ✅ Loaded 16 environment variables
2026-08-27 10:27:52.055509 +0530 +0530 🕒 Global timezone set to Asia/Colombo
2026-08-27 10:27:52.055562 +0530 +0530 🔌 Connecting to database production_tracer_dev 
2026-08-27 10:27:52.394347 +0530 +0530 ✅ Database connected: production_tracer_dev@159.138.98.55:33067
2026-08-27 10:27:52.394909 +0530 +0530 🚀 Starting production-tracer API on 0.0.0.0:3000
2026-08-27 10:28:43.902061 +0530 +0530 🧹 Caught signal: interrupt — shutting down gracefully...
2026-08-27 10:28:43.903254 +0530 +0530 🔒 Database connections closed cleanly
2026-08-27 10:28:43.903298 +0530 +0530 👋 Server stopped gracefully.
2026-08-27 10:28:46.262527 +0530 +0530 Loading environment variables
2026-08-27 10:28:46.262871 +0530 +0530 ✅ Loaded 16 environment variables
2026-08-27 10:28:46.268802 +0530 +0530 🕒 Global timezone set to Asia/Colombo
2026-08-27 10:28:46.268842 +0530 +0530 🔌 Connecting to database production_tracer_dev 
2026-08-27 10:28:46.554344 +0530 +0530 ✅ Database connected: production_tracer_dev@159.138.98.55:33067
2026-08-27 10:28:46.554512 +0530 +0530 🚀 Starting production-tracer API on 0.0.0.0:3000
2026-08-27 10:28:56.717689 +0530 +0530 🧹 Caught signal: interrupt — shutting down gracefully...
2026-08-27 10:28:56.718402 +0530 +0530 🔒 Database connections closed cleanly
2026-08-27 10:28:56.718512 +0530 +0530 👋 Server stopped gracefully.
2026-08-27 10:28:57.614583 +0530 +0530 Loading environment variables
2026-08-27 10:28:57.614777 +0530 +0530 ✅ Loaded 16 environment variables
2026-08-27 10:28:57.61853 +0530 +0530 🕒 Global timezone set to Asia/Colombo
2026-08-27 10:28:57.618562 +0530 +0530 🔌 Connecting to database production_tracer_dev 
2026-08-27 10:28:57.902663 +0530 +0530 ✅ Database connected: production_tracer_dev@159.138.98.55:33067
2026-08-27 10:28:57.903016 +0530 +0530 🚀 Starting production-tracer API on 0.0.0.0:3000
2026-08-27 10:30:14.122587 +0530 +0530 🧹 Caught signal: interrupt — shutting down gracefully...
2026-08-27 10:30:14.123117 +0530 +0530 🔒 Database connections closed cleanly
2026-08-27 10:30:14.123173 +0530 +0530 👋 Server stopped gracefully.
2026-08-27 10:31:59.855913 +0530 +0530 Loading environment variables
2026-08-27 10:31:59.856337 +0530 +0530 ✅ Loaded 16 environment variables
2026-08-27 10:31:59.87051 +0530 +0530 🕒 Global timezone set to Asia/Colombo
2026-08-27 10:31:59.870556 +0530 +0530 🔌 Connecting to database production_tracer_dev 
2026-08-27 10:32:00.156657 +0530 +0530 ✅ Database connected: production_tracer_dev@159.138.98.55:33067
2026-08-27 10:32:00.157571 +0530 +0530 🚀 Starting production-tracer API on 0.0.0.0:3000
2026-08-27 10:32:15.280899 +0530 +0530 🧹 Caught signal: interrupt — shutting down gracefully...
2026-08-27 10:32:15.281724 +0530 +0530 🔒 Database connections closed cleanly
2026-08-27 10:32:15.281846 +0530 +0530 👋 Server stopped gracefully.
2026-08-27 10:32:18.582809 +0530 +0530 Loading environment variables
2026-08-27 10:32:18.582991 +0530 +0530 ✅ Loaded 16 environment variables
2026-08-27 10:32:18.59733 +0530 +0530 🕒 Global timezone set to Asia/Colombo
2026-08-27 10:32:18.597382 +0530 +0530 🔌 Connecting to database production_tracer_dev 
2026-08-27 10:32:18.905775 +0530 +0530 ✅ Database connected: production_tracer_dev@159.138.98.55:33067
2026-08-27 10:32:18.906325 +0530 +0530 🚀 Starting production-tracer API on 0.0.0.0:3000
2026-08-27 10:32:20.400238 +0530 +0530 🧹 Caught signal: interrupt — shutting down gracefully...
2026-08-27 10:32:20.401182 +0530 +0530 🔒 Database connections closed cleanly
2026-08-27 10:32:20.401272 +0530 +0530 👋 Server stopped gracefully.
2026-08-27 10:32:26.289159 +0530 +0530 Loading environment variables
2026-08-27 10:32:26.289264 +0530 +0530 ✅ Loaded 16 environment variables
2026-08-27 10:32:26.582982 +0530 +0530 running AutoMigrate for 21 model(s)...
2026-08-27 10:32:54.102859 +0530 +0530 ✅ AutoMigrate complete
2026-08-27 10:33:04.665748 +0530 +0530 ✅ migration complete — schema is up to date
2026-08-27 10:34:09.448326 +0530 +0530 Loading environment variables
2026-08-27 10:34:09.448639 +0530 +0530 ✅ Loaded 16 environment variables
2026-08-27 10:34:09.478042 +0530 +0530 🕒 Global timezone set to Asia/Colombo
2026-08-27 10:34:09.47808 +0530 +0530 🔌 Connecting to database production_tracer_dev 
2026-08-27 10:34:09.771162 +0530 +0530 ✅ Database connected: production_tracer_dev@159.138.98.55:33067
2026-08-27 10:34:09.772942 +0530 +0530 🚀 Starting production-tracer API on 0.0.0.0:3000
2026-08-27 10:36:54.497549 +0530 +0530 🧹 Caught signal: interrupt — shutting down gracefully...
2026-08-27 10:36:54.500336 +0530 +0530 🔒 Database connections closed cleanly
2026-08-27 10:36:54.500465 +0530 +0530 👋 Server stopped gracefully.
2026-08-27 10:37:11.369042 +0530 +0530 Loading environment variables
2026-08-27 10:37:11.369303 +0530 +0530 ✅ Loaded 16 environment variables
2026-08-27 10:37:11.386647 +0530 +0530 🕒 Global timezone set to Asia/Colombo
2026-08-27 10:37:11.386685 +0530 +0530 🔌 Connecting to database production_tracer_dev 
2026-08-27 10:37:11.722257 +0530 +0530 ✅ Database connected: production_tracer_dev@159.138.98.55:33067
2026-08-27 10:37:11.722655 +0530 +0530 🚀 Starting production-tracer API on 0.0.0.0:3000
2026-08-27 11:19:39.621821 +0530 +0530 🧹 Caught signal: interrupt — shutting down gracefully...
2026-08-27 11:19:39.624127 +0530 +0530 🔒 Database connections closed cleanly
2026-08-27 11:19:39.624202 +0530 +0530 👋 Server stopped gracefully.
2026-08-27 11:19:43.103411 +0530 +0530 Loading environment variables
2026-08-27 11:19:43.103593 +0530 +0530 ✅ Loaded 16 environment variables
2026-08-27 11:19:43.112848 +0530 +0530 🕒 Global timezone set to Asia/Colombo
2026-08-27 11:19:43.112883 +0530 +0530 🔌 Connecting to database production_tracer_dev 
2026-08-27 11:19:43.463634 +0530 +0530 ✅ Database connected: production_tracer_dev@159.138.98.55:33067
2026-08-27 11:19:43.463965 +0530 +0530 🚀 Starting production-tracer API on 0.0.0.0:3000
2026-08-27 11:19:58.112074 +0530 +0530 🧹 Caught signal: interrupt — shutting down gracefully...
2026-08-27 11:19:58.112944 +0530 +0530 🔒 Database connections closed cleanly
2026-08-27 11:19:58.112989 +0530 +0530 👋 Server stopped gracefully.
2026-08-27 11:19:59.592395 +0530 +0530 Loading environment variables
2026-08-27 11:19:59.592546 +0530 +0530 ✅ Loaded 16 environment variables
2026-08-27 11:19:59.606538 +0530 +0530 🕒 Global timezone set to Asia/Colombo
2026-08-27 11:19:59.606579 +0530 +0530 🔌 Connecting to database production_tracer_dev 
2026-08-27 11:19:59.894878 +0530 +0530 ✅ Database connected: production_tracer_dev@159.138.98.55:33067
2026-08-27 11:19:59.895428 +0530 +0530 🚀 Starting production-tracer API on 0.0.0.0:3000
2026-08-27 11:20:14.605204 +0530 +0530 🧹 Caught signal: interrupt — shutting down gracefully...
2026-08-27 11:20:14.606359 +0530 +0530 🔒 Database connections closed cleanly
2026-08-27 11:20:14.606532 +0530 +0530 👋 Server stopped gracefully.
2026-08-27 11:20:15.574065 +0530 +0530 Loading environment variables
2026-08-27 11:20:15.574163 +0530 +0530 ✅ Loaded 16 environment variables
2026-08-27 11:20:15.578664 +0530 +0530 🕒 Global timezone set to Asia/Colombo
2026-08-27 11:20:15.578695 +0530 +0530 🔌 Connecting to database production_tracer_dev 
2026-08-27 11:20:15.914786 +0530 +0530 ✅ Database connected: production_tracer_dev@159.138.98.55:33067
2026-08-27 11:20:15.915299 +0530 +0530 🚀 Starting production-tracer API on 0.0.0.0:3000
2026-08-27 11:20:20.787413 +0530 +0530 🧹 Caught signal: interrupt — shutting down gracefully...
2026-08-27 11:20:20.787723 +0530 +0530 🔒 Database connections closed cleanly
2026-08-27 11:20:20.787773 +0530 +0530 👋 Server stopped gracefully.
2026-08-27 11:20:21.672371 +0530 +0530 Loading environment variables
2026-08-27 11:20:21.672471 +0530 +0530 ✅ Loaded 16 environment variables
2026-08-27 11:20:21.676148 +0530 +0530 🕒 Global timezone set to Asia/Colombo
2026-08-27 11:20:21.676177 +0530 +0530 🔌 Connecting to database production_tracer_dev 
2026-08-27 11:20:21.958777 +0530 +0530 ✅ Database connected: production_tracer_dev@159.138.98.55:33067
2026-08-27 11:20:21.959629 +0530 +0530 🚀 Starting production-tracer API on 0.0.0.0:3000
2026-08-27 11:44:20.608372 +0530 +0530 🧹 Caught signal: interrupt — shutting down gracefully...
2026-08-27 11:44:20.612926 +0530 +0530 🔒 Database connections closed cleanly
2026-08-27 11:44:20.613153 +0530 +0530 👋 Server stopped gracefully.
2026-08-27 11:44:25.860172 +0530 +0530 Loading environment variables
2026-08-27 11:44:25.860421 +0530 +0530 ✅ Loaded 16 environment variables
2026-08-27 11:44:25.872466 +0530 +0530 🕒 Global timezone set to Asia/Colombo
2026-08-27 11:44:25.872526 +0530 +0530 🔌 Connecting to database production_tracer_dev 
2026-08-27 11:44:26.244078 +0530 +0530 ✅ Database connected: production_tracer_dev@159.138.98.55:33067
2026-08-27 11:44:26.245062 +0530 +0530 🚀 Starting production-tracer API on 0.0.0.0:3000
2026-08-27 11:47:44.535659 +0530 +0530 🧹 Caught signal: interrupt — shutting down gracefully...
2026-08-27 11:47:44.536271 +0530 +0530 🔒 Database connections closed cleanly
2026-08-27 11:47:44.536323 +0530 +0530 👋 Server stopped gracefully.
2026-08-27 11:47:48.46993 +0530 +0530 Loading environment variables
2026-08-27 11:47:48.470168 +0530 +0530 ✅ Loaded 16 environment variables
2026-08-27 11:47:48.485153 +0530 +0530 🕒 Global timezone set to Asia/Colombo
2026-08-27 11:47:48.485199 +0530 +0530 🔌 Connecting to database production_tracer_dev 
2026-08-27 11:47:48.769196 +0530 +0530 ✅ Database connected: production_tracer_dev@159.138.98.55:33067
2026-08-27 11:47:48.770048 +0530 +0530 🚀 Starting production-tracer API on 0.0.0.0:3000
